// Jest Snapshot v1, https://goo.gl/fbAQLP

exports[`Loading renders correctly 1`] = `
<View
  style={
    Array [
      Object {
        "backgroundColor": "#E9EBEE",
        "flex": 1,
        "flexDirection": "column",
        "position": "relative",
      },
      Object {
        "alignItems": "center",
        "justifyContent": "center",
      },
      false,
    ]
  }
>
  <ActivityIndicator
    animating={true}
    color="#AAA"
    hidesWhenStopped={true}
    size="large"
  />
  <View
    style={
      Object {
        "height": 1,
        "left": 0,
        "marginTop": 9,
        "right": 0,
      }
    }
  />
</View>
`;

exports[`Loading w/ text renders correctly 1`] = `
<View
  style={
    Array [
      Object {
        "backgroundColor": "#E9EBEE",
        "flex": 1,
        "flexDirection": "column",
        "position": "relative",
      },
      Object {
        "alignItems": "center",
        "justifyContent": "center",
      },
      false,
    ]
  }
>
  <ActivityIndicator
    animating={true}
    color="#AAA"
    hidesWhenStopped={true}
    size="large"
  />
  <View
    style={
      Object {
        "height": 1,
        "left": 0,
        "marginTop": 9,
        "right": 0,
      }
    }
  />
  <Text
    accessible={true}
    allowFontScaling={true}
    ellipsizeMode="tail"
    h1={false}
    h2={false}
    h3={false}
    h4={false}
    h5={false}
    onPress={null}
    p={false}
    style={
      Array [
        Object {
          "color": "#222222",
          "fontFamily": "HelveticaNeue",
          "fontSize": 14,
          "fontWeight": "500",
          "lineHeight": 18,
        },
      ]
    }
  >
    Checking for Updates
  </Text>
</View>
`;
